--- Testing schools table ---
Error code: 
Error message: TypeError: fetch failed
Error hint: 
Error details: TypeError: fetch failed

Caused by: Error: getaddrinfo ENOTFOUND mewjyfehpeuwfplxqhhl.supabase.co (ENOTFOUND)
Error: getaddrinfo ENOTFOUND mewjyfehpeuwfplxqhhl.supabase.co
    at GetAddrInfoReqWrap.onlookupall [as oncomplete] (node:dns:120:26)
Full error: {
  "message": "TypeError: fetch failed",
  "details": "TypeError: fetch failed\n\nCaused by: Error: getaddrinfo ENOTFOUND mewjyfehpeuwfplxqhhl.supabase.co (ENOTFOUND)\nError: getaddrinfo ENOTFOUND mewjyfehpeuwfplxqhhl.supabase.co\n    at GetAddrInfoReqWrap.onlookupall [as oncomplete] (node:dns:120:26)",
  "hint": "",
  "code": ""
}
