src/app/api/sync/route.ts(24,42): error TS18047: 'supabase' is possibly 'null'.
src/app/api/sync/route.ts(35,50): error TS18047: 'supabase' is possibly 'null'.
src/app/api/sync/route.ts(47,48): error TS18047: 'supabase' is possibly 'null'.
src/app/api/sync/route.ts(62,51): error TS18047: 'supabase' is possibly 'null'.
src/app/api/sync/route.ts(83,50): error TS18047: 'supabase' is possibly 'null'.
src/app/dashboard/page.tsx(106,43): error TS18047: 'supabase' is possibly 'null'.
src/app/read/[bookId]/page.tsx(100,17): error TS2353: Object literal may only specify known properties, and 'userId' does not exist in type 'InsertType<ReadingSession, "id">'.
src/components/analytics/ExportTab.tsx(19,40): error TS18047: 'supabase' is possibly 'null'.
src/components/analytics/ExportTab.tsx(22,40): error TS18047: 'supabase' is possibly 'null'.
src/components/analytics/ExportTab.tsx(25,40): error TS18047: 'supabase' is possibly 'null'.
src/components/analytics/MapChart.tsx(4,55): error TS7016: Could not find a declaration file for module 'react-simple-maps'. 'C:/Users/dell/OneDrive/Desktop/think/think/node_modules/react-simple-maps/dist/index.js' implicitly has an 'any' type.
  Try `npm i --save-dev @types/react-simple-maps` if it exists or add a new declaration (.d.ts) file containing `declare module 'react-simple-maps';`
src/components/analytics/MapChart.tsx(41,25): error TS7031: Binding element 'geographies' implicitly has an 'any' type.
src/components/analytics/MapChart.tsx(42,42): error TS7006: Parameter 'geo' implicitly has an 'any' type.
src/components/analytics/SchoolReportTab.tsx(23,36): error TS18047: 'supabase' is possibly 'null'.
src/components/analytics/SchoolReportTab.tsx(42,56): error TS18047: 'supabase' is possibly 'null'.
src/components/analytics/SchoolReportTab.tsx(47,57): error TS18047: 'supabase' is possibly 'null'.
src/components/analytics/SchoolReportTab.tsx(57,50): error TS18047: 'supabase' is possibly 'null'.
src/components/analytics/SchoolReportTab.tsx(63,47): error TS18047: 'supabase' is possibly 'null'.
src/components/analytics/StudentReportTab.tsx(20,36): error TS18047: 'supabase' is possibly 'null'.
src/components/analytics/StudentReportTab.tsx(40,43): error TS18047: 'supabase' is possibly 'null'.
src/components/analytics/StudentReportTab.tsx(49,45): error TS18047: 'supabase' is possibly 'null'.
src/components/auth-form.tsx(39,60): error TS18047: 'supabase' is possibly 'null'.
src/components/auth-form.tsx(54,27): error TS18047: 'supabase' is possibly 'null'.
src/components/auth-form.tsx(66,60): error TS18047: 'supabase' is possibly 'null'.
src/hooks/useUser.ts(24,40): error TS2345: Argument of type '{ id: string; name: any; totalPoints: number; }' is not assignable to parameter of type 'InsertType<User, "id">'.
  Type '{ id: string; name: any; totalPoints: number; }' is missing the following properties from type 'Omit<User, "id" | undefined>': mobile, isVerified
src/hooks/useUser.ts(33,44): error TS2345: Argument of type '{ id: string; name: any; totalPoints: number; }' is not assignable to parameter of type 'InsertType<User, "id">'.
  Type '{ id: string; name: any; totalPoints: number; }' is missing the following properties from type 'Omit<User, "id" | undefined>': mobile, isVerified
src/hooks/useUser.ts(44,36): error TS2345: Argument of type '{ id: string; name: string; totalPoints: number; }' is not assignable to parameter of type 'InsertType<User, "id">'.
  Type '{ id: string; name: string; totalPoints: number; }' is missing the following properties from type 'Omit<User, "id" | undefined>': mobile, isVerified
src/hooks/useUser.ts(63,36): error TS2345: Argument of type '{ id: string; name: string; totalPoints: number; }' is not assignable to parameter of type 'InsertType<User, "id">'.
  Type '{ id: string; name: string; totalPoints: number; }' is missing the following properties from type 'Omit<User, "id" | undefined>': mobile, isVerified
